kotlin version: 2.2.10
error message: java.lang.RuntimeException: Exception while generating code for:
FUN name:Content visibility:public modality:FINAL returnType:kotlin.Unit
  VALUE_PARAMETER kind:DispatchReceiver name:<this> index:0 type:com.jugaad.widget.astrohome.AstroHomeWidget
  annotations:
    Composable
  BLOCK_BODY
    VAR name:prefs type:androidx.datastore.preferences.core.Preferences [val]
      CALL 'public final fun currentState <T> (): T of androidx.glance.CompositionLocalsKt.currentState [inline] declared in androidx.glance.CompositionLocalsKt' type=androidx.datastore.preferences.core.Preferences origin=null
        TYPE_ARG T: androidx.datastore.preferences.core.Preferences
    VAR name:predictionText type:kotlin.String [val]
      BLOCK type=kotlin.String origin=FOLDED_ELVIS
        WHEN type=kotlin.String origin=FOLDED_ELVIS
          BRANCH
            if: COMPOSITE type=kotlin.Boolean origin=null
              VAR IR_TEMPORARY_VARIABLE name:tmp0_elvis_lhs type:kotlin.String? [val]
                CALL 'public abstract fun get <T> (key: androidx.datastore.preferences.core.Preferences.Key<T of androidx.datastore.preferences.core.Preferences.get>): T of androidx.datastore.preferences.core.Preferences.get? [operator] declared in androidx.datastore.preferences.core.Preferences' type=kotlin.String? origin=GET_ARRAY_ELEMENT
                  TYPE_ARG T: kotlin.String
                  ARG <this>: GET_VAR 'val prefs: androidx.datastore.preferences.core.Preferences [val] declared in com.jugaad.widget.astrohome.AstroHomeWidget.Content' type=androidx.datastore.preferences.core.Preferences origin=null
                  ARG key: GET_FIELD 'FIELD COMPANION_PROPERTY_BACKING_FIELD name:KEY_PREDICTION_TEXT type:androidx.datastore.preferences.core.Preferences.Key<kotlin.String> visibility:private [final,static] declared in com.jugaad.widget.astrohome.AstroHomeWidget' type=androidx.datastore.preferences.core.Preferences.Key<kotlin.String> origin=null
              CALL 'public final fun not (): kotlin.Boolean [operator] declared in kotlin.Boolean' type=kotlin.Boolean origin=null
                ARG <this>: CALL 'public final fun EQEQ (arg0: kotlin.Any?, arg1: kotlin.Any?): kotlin.Boolean declared in kotlin.internal.ir' type=kotlin.Boolean origin=null
                  ARG arg0: GET_VAR 'val tmp0_elvis_lhs: kotlin.String? [val] declared in com.jugaad.widget.astrohome.AstroHomeWidget.Content' type=kotlin.String? origin=null
                  ARG arg1: CONST Null type=kotlin.Nothing? value=null
            then: GET_VAR 'val tmp0_elvis_lhs: kotlin.String? [val] declared in com.jugaad.widget.astrohome.AstroHomeWidget.Content' type=kotlin.String? origin=null
          BRANCH
            if: CONST Boolean type=kotlin.Boolean value=true
            then: CONST String type=kotlin.String value="Tap to load today's insight"
    VAR name:moonSign type:kotlin.String [val]
      BLOCK type=kotlin.String origin=FOLDED_ELVIS
        WHEN type=kotlin.String origin=FOLDED_ELVIS
          BRANCH
            if: COMPOSITE type=kotlin.Boolean origin=null
              VAR IR_TEMPORARY_VARIABLE name:tmp1_elvis_lhs type:kotlin.String? [val]
                CALL 'public abstract fun get <T> (key: androidx.datastore.preferences.core.Preferences.Key<T of androidx.datastore.preferences.core.Preferences.get>): T of androidx.datastore.preferences.core.Preferences.get? [operator] declared in androidx.datastore.preferences.core.Preferences' type=kotlin.String? origin=GET_ARRAY_ELEMENT
                  TYPE_ARG T: kotlin.String
                  ARG <this>: GET_VAR 'val prefs: androidx.datastore.preferences.core.Preferences [val] declared in com.jugaad.widget.astrohome.AstroHomeWidget.Content' type=androidx.datastore.preferences.core.Preferences origin=null
                  ARG key: GET_FIELD 'FIELD COMPANION_PROPERTY_BACKING_FIELD name:KEY_MOON_SIGN type:androidx.datastore.preferences.core.Preferences.Key<kotlin.String> visibility:private [final,static] declared in com.jugaad.widget.astrohome.AstroHomeWidget' type=androidx.datastore.preferences.core.Preferences.Key<kotlin.String> origin=null
              CALL 'public final fun not (): kotlin.Boolean [operator] declared in kotlin.Boolean' type=kotlin.Boolean origin=null
                ARG <this>: CALL 'public final fun EQEQ (arg0: kotlin.Any?, arg1: kotlin.Any?): kotlin.Boolean declared in kotlin.internal.ir' type=kotlin.Boolean origin=null
                  ARG arg0: GET_VAR 'val tmp1_elvis_lhs: kotlin.String? [val] declared in com.jugaad.widget.astrohome.AstroHomeWidget.Content' type=kotlin.String? origin=null
                  ARG arg1: CONST Null type=kotlin.Nothing? value=null
            then: GET_VAR 'val tmp1_elvis_lhs: kotlin.String? [val] declared in com.jugaad.widget.astrohome.AstroHomeWidget.Content' type=kotlin.String? origin=null
          BRANCH
            if: CONST Boolean type=kotlin.Boolean value=true
            then: CONST String type=kotlin.String value="—"
    VAR name:nakshatra type:kotlin.String [val]
      BLOCK type=kotlin.String origin=FOLDED_ELVIS
        WHEN type=kotlin.String origin=FOLDED_ELVIS
          BRANCH
            if: COMPOSITE type=kotlin.Boolean origin=null
              VAR IR_TEMPORARY_VARIABLE name:tmp2_elvis_lhs type:kotlin.String? [val]
                CALL 'public abstract fun get <T> (key: androidx.datastore.preferences.core.Preferences.Key<T of androidx.datastore.preferences.core.Preferences.get>): T of androidx.datastore.preferences.core.Preferences.get? [operator] declared in androidx.datastore.preferences.core.Preferences' type=kotlin.String? origin=GET_ARRAY_ELEMENT
                  TYPE_ARG T: kotlin.String
                  ARG <this>: GET_VAR 'val prefs: androidx.datastore.preferences.core.Preferences [val] declared in com.jugaad.widget.astrohome.AstroHomeWidget.Content' type=androidx.datastore.preferences.core.Preferences origin=null
                  ARG key: GET_FIELD 'FIELD COMPANION_PROPERTY_BACKING_FIELD name:KEY_NAKSHATRA type:androidx.datastore.preferences.core.Preferences.Key<kotlin.String> visibility:private [final,static] declared in com.jugaad.widget.astrohome.AstroHomeWidget' type=androidx.datastore.preferences.core.Preferences.Key<kotlin.String> origin=null
              CALL 'public final fun not (): kotlin.Boolean [operator] declared in kotlin.Boolean' type=kotlin.Boolean origin=null
                ARG <this>: CALL 'public final fun EQEQ (arg0: kotlin.Any?, arg1: kotlin.Any?): kotlin.Boolean declared in kotlin.internal.ir' type=kotlin.Boolean origin=null
                  ARG arg0: GET_VAR 'val tmp2_elvis_lhs: kotlin.String? [val] declared in com.jugaad.widget.astrohome.AstroHomeWidget.Content' type=kotlin.String? origin=null
                  ARG arg1: CONST Null type=kotlin.Nothing? value=null
            then: GET_VAR 'val tmp2_elvis_lhs: kotlin.String? [val] declared in com.jugaad.widget.astrohome.AstroHomeWidget.Content' type=kotlin.String? origin=null
          BRANCH
            if: CONST Boolean type=kotlin.Boolean value=true
            then: CONST String type=kotlin.String value=""
    VAR name:rahuStartMs type:kotlin.Long [val]
      BLOCK type=kotlin.Long origin=FOLDED_ELVIS
        WHEN type=kotlin.Long origin=FOLDED_ELVIS
          BRANCH
            if: COMPOSITE type=kotlin.Boolean origin=null
              VAR IR_TEMPORARY_VARIABLE name:tmp3_elvis_lhs type:kotlin.Long? [val]
                CALL 'public abstract fun get <T> (key: androidx.datastore.preferences.core.Preferences.Key<T of androidx.datastore.preferences.core.Preferences.get>): T of androidx.datastore.preferences.core.Preferences.get? [operator] declared in androidx.datastore.preferences.core.Preferences' type=kotlin.Long? origin=GET_ARRAY_ELEMENT
                  TYPE_ARG T: kotlin.Long
                  ARG <this>: GET_VAR 'val prefs: androidx.datastore.preferences.core.Preferences [val] declared in com.jugaad.widget.astrohome.AstroHomeWidget.Content' type=androidx.datastore.preferences.core.Preferences origin=null
                  ARG key: GET_FIELD 'FIELD COMPANION_PROPERTY_BACKING_FIELD name:KEY_RAHU_START_MS type:androidx.datastore.preferences.core.Preferences.Key<kotlin.Long> visibility:private [final,static] declared in com.jugaad.widget.astrohome.AstroHomeWidget' type=androidx.datastore.preferences.core.Preferences.Key<kotlin.Long> origin=null
              CALL 'public final fun not (): kotlin.Boolean [operator] declared in kotlin.Boolean' type=kotlin.Boolean origin=null
                ARG <this>: CALL 'public final fun EQEQ (arg0: kotlin.Any?, arg1: kotlin.Any?): kotlin.Boolean declared in kotlin.internal.ir' type=kotlin.Boolean origin=null
                  ARG arg0: GET_VAR 'val tmp3_elvis_lhs: kotlin.Long? [val] declared in com.jugaad.widget.astrohome.AstroHomeWidget.Content' type=kotlin.Long? origin=null
                  ARG arg1: CONST Null type=kotlin.Nothing? value=null
            then: GET_VAR 'val tmp3_elvis_lhs: kotlin.Long? [val] declared in com.jugaad.widget.astrohome.AstroHomeWidget.Content' type=kotlin.Long? origin=null
          BRANCH
            if: CONST Boolean type=kotlin.Boolean value=true
            then: CONST Long type=kotlin.Long value=0
    VAR name:rahuEndMs type:kotlin.Long [val]
      BLOCK type=kotlin.Long origin=FOLDED_ELVIS
        WHEN type=kotlin.Long origin=FOLDED_ELVIS
          BRANCH
            if: COMPOSITE type=kotlin.Boolean origin=null
              VAR IR_TEMPORARY_VARIABLE name:tmp4_elvis_lhs type:kotlin.Long? [val]
                CALL 'public abstract fun get <T> (key: androidx.datastore.preferences.core.Preferences.Key<T of androidx.datastore.preferences.core.Preferences.get>): T of androidx.datastore.preferences.core.Preferences.get? [operator] declared in androidx.datastore.preferences.core.Preferences' type=kotlin.Long? origin=GET_ARRAY_ELEMENT
                  TYPE_ARG T: kotlin.Long
                  ARG <this>: GET_VAR 'val prefs: androidx.datastore.preferences.core.Preferences [val] declared in com.jugaad.widget.astrohome.AstroHomeWidget.Content' type=androidx.datastore.preferences.core.Preferences origin=null
                  ARG key: GET_FIELD 'FIELD COMPANION_PROPERTY_BACKING_FIELD name:KEY_RAHU_END_MS type:androidx.datastore.preferences.core.Preferences.Key<kotlin.Long> visibility:private [final,static] declared in com.jugaad.widget.astrohome.AstroHomeWidget' type=androidx.datastore.preferences.core.Preferences.Key<kotlin.Long> origin=null
              CALL 'public final fun not (): kotlin.Boolean [operator] declared in kotlin.Boolean' type=kotlin.Boolean origin=null
                ARG <this>: CALL 'public final fun EQEQ (arg0: kotlin.Any?, arg1: kotlin.Any?): kotlin.Boolean declared in kotlin.internal.ir' type=kotlin.Boolean origin=null
                  ARG arg0: GET_VAR 'val tmp4_elvis_lhs: kotlin.Long? [val] declared in com.jugaad.widget.astrohome.AstroHomeWidget.Content' type=kotlin.Long? origin=null
                  ARG arg1: CONST Null type=kotlin.Nothing? value=null
            then: GET_VAR 'val tmp4_elvis_lhs: kotlin.Long? [val] declared in com.jugaad.widget.astrohome.AstroHomeWidget.Content' type=kotlin.Long? origin=null
          BRANCH
            if: CONST Boolean type=kotlin.Boolean value=true
            then: CONST Long type=kotlin.Long value=0
    VAR name:retrogrades type:kotlin.String [val]
      BLOCK type=kotlin.String origin=FOLDED_ELVIS
        WHEN type=kotlin.String origin=FOLDED_ELVIS
          BRANCH
            if: COMPOSITE type=kotlin.Boolean origin=null
              VAR IR_TEMPORARY_VARIABLE name:tmp5_elvis_lhs type:kotlin.String? [val]
                CALL 'public abstract fun get <T> (key: androidx.datastore.preferences.core.Preferences.Key<T of androidx.datastore.preferences.core.Preferences.get>): T of androidx.datastore.preferences.core.Preferences.get? [operator] declared in androidx.datastore.preferences.core.Preferences' type=kotlin.String? origin=GET_ARRAY_ELEMENT
                  TYPE_ARG T: kotlin.String
                  ARG <this>: GET_VAR 'val prefs: androidx.datastore.preferences.core.Preferences [val] declared in com.jugaad.widget.astrohome.AstroHomeWidget.Content' type=androidx.datastore.preferences.core.Preferences origin=null
                  ARG key: GET_FIELD 'FIELD COMPANION_PROPERTY_BACKING_FIELD name:KEY_RETROGRADE_PLANETS type:androidx.datastore.preferences.core.Preferences.Key<kotlin.String> visibility:private [final,static] declared in com.jugaad.widget.astrohome.AstroHomeWidget' type=androidx.datastore.preferences.core.Preferences.Key<kotlin.String> origin=null
              CALL 'public final fun not (): kotlin.Boolean [operator] declared in kotlin.Boolean' type=kotlin.Boolean origin=null
                ARG <this>: CALL 'public final fun EQEQ (arg0: kotlin.Any?, arg1: kotlin.Any?): kotlin.Boolean declared in kotlin.internal.ir' type=kotlin.Boolean origin=null
                  ARG arg0: GET_VAR 'val tmp5_elvis_lhs: kotlin.String? [val] declared in com.jugaad.widget.astrohome.AstroHomeWidget.Content' type=kotlin.String? origin=null
                  ARG arg1: CONST Null type=kotlin.Nothing? value=null
            then: GET_VAR 'val tmp5_elvis_lhs: kotlin.String? [val] declared in com.jugaad.widget.astrohome.AstroHomeWidget.Content' type=kotlin.String? origin=null
          BRANCH
            if: CONST Boolean type=kotlin.Boolean value=true
            then: CONST String type=kotlin.String value=""
    VAR name:nowMs type:kotlin.Long [val]
      CALL 'public open fun currentTimeMillis (): kotlin.Long declared in java.lang.System' type=kotlin.Long origin=null
    VAR name:rahuProgress type:kotlin.Float [val]
      CALL 'public final fun access$computeRahuProgress (nowMs: kotlin.Long, startMs: kotlin.Long, endMs: kotlin.Long): kotlin.Float declared in com.jugaad.widget.astrohome.AstroHomeWidgetKt' type=kotlin.Float origin=null
        ARG nowMs: GET_VAR 'val nowMs: kotlin.Long [val] declared in com.jugaad.widget.astrohome.AstroHomeWidget.Content' type=kotlin.Long origin=null
        ARG startMs: GET_VAR 'val rahuStartMs: kotlin.Long [val] declared in com.jugaad.widget.astrohome.AstroHomeWidget.Content' type=kotlin.Long origin=null
        ARG endMs: GET_VAR 'val rahuEndMs: kotlin.Long [val] declared in com.jugaad.widget.astrohome.AstroHomeWidget.Content' type=kotlin.Long origin=null
    VAR name:rahuActive type:kotlin.Boolean [val]
      WHEN type=kotlin.Boolean origin=IN
        BRANCH
          if: CALL 'public final fun lessOrEqual (arg0: kotlin.Long, arg1: kotlin.Long): kotlin.Boolean declared in kotlin.internal.ir' type=kotlin.Boolean origin=null
            ARG arg0: GET_VAR 'val rahuStartMs: kotlin.Long [val] declared in com.jugaad.widget.astrohome.AstroHomeWidget.Content' type=kotlin.Long origin=null
            ARG arg1: GET_VAR 'val nowMs: kotlin.Long [val] declared in com.jugaad.widget.astrohome.AstroHomeWidget.Content' type=kotlin.Long origin=null
          then: CALL 'public final fun lessOrEqual (arg0: kotlin.Long, arg1: kotlin.Long): kotlin.Boolean declared in kotlin.internal.ir' type=kotlin.Boolean origin=null
            ARG arg0: GET_VAR 'val nowMs: kotlin.Long [val] declared in com.jugaad.widget.astrohome.AstroHomeWidget.Content' type=kotlin.Long origin=null
            ARG arg1: GET_VAR 'val rahuEndMs: kotlin.Long [val] declared in com.jugaad.widget.astrohome.AstroHomeWidget.Content' type=kotlin.Long origin=null
        BRANCH
          if: CONST Boolean type=kotlin.Boolean value=true
          then: CONST Boolean type=kotlin.Boolean value=false
    VAR name:startLabel type:kotlin.String [val]
      CALL 'public final fun access$epochToTimeLabel (epochMs: kotlin.Long): kotlin.String declared in com.jugaad.widget.astrohome.AstroHomeWidgetKt' type=kotlin.String origin=null
        ARG epochMs: GET_VAR 'val rahuStartMs: kotlin.Long [val] declared in com.jugaad.widget.astrohome.AstroHomeWidget.Content' type=kotlin.Long origin=null
    VAR name:endLabel type:kotlin.String [val]
      CALL 'public final fun access$epochToTimeLabel (epochMs: kotlin.Long): kotlin.String declared in com.jugaad.widget.astrohome.AstroHomeWidgetKt' type=kotlin.String origin=null
        ARG epochMs: GET_VAR 'val rahuEndMs: kotlin.Long [val] declared in com.jugaad.widget.astrohome.AstroHomeWidget.Content' type=kotlin.Long origin=null
    CALL 'public final fun access$WidgetBody (moonSign: kotlin.String, nakshatra: kotlin.String, predictionText: kotlin.String, rahuProgress: kotlin.Float, rahuActive: kotlin.Boolean, rahuLabel: kotlin.String, retrogrades: kotlin.String): kotlin.Unit declared in com.jugaad.widget.astrohome.AstroHomeWidgetKt' type=kotlin.Unit origin=null
      ARG moonSign: GET_VAR 'val moonSign: kotlin.String [val] declared in com.jugaad.widget.astrohome.AstroHomeWidget.Content' type=kotlin.String origin=null
      ARG nakshatra: GET_VAR 'val nakshatra: kotlin.String [val] declared in com.jugaad.widget.astrohome.AstroHomeWidget.Content' type=kotlin.String origin=null
      ARG predictionText: GET_VAR 'val predictionText: kotlin.String [val] declared in com.jugaad.widget.astrohome.AstroHomeWidget.Content' type=kotlin.String origin=null
      ARG rahuProgress: GET_VAR 'val rahuProgress: kotlin.Float [val] declared in com.jugaad.widget.astrohome.AstroHomeWidget.Content' type=kotlin.Float origin=null
      ARG rahuActive: GET_VAR 'val rahuActive: kotlin.Boolean [val] declared in com.jugaad.widget.astrohome.AstroHomeWidget.Content' type=kotlin.Boolean origin=null
      ARG rahuLabel: STRING_CONCATENATION type=kotlin.String
        GET_VAR 'val startLabel: kotlin.String [val] declared in com.jugaad.widget.astrohome.AstroHomeWidget.Content' type=kotlin.String origin=null
        CONST String type=kotlin.String value="–"
        GET_VAR 'val endLabel: kotlin.String [val] declared in com.jugaad.widget.astrohome.AstroHomeWidget.Content' type=kotlin.String origin=null
      ARG retrogrades: GET_VAR 'val retrogrades: kotlin.String [val] declared in com.jugaad.widget.astrohome.AstroHomeWidget.Content' type=kotlin.String origin=null

	at org.jetbrains.kotlin.backend.jvm.codegen.FunctionCodegen.generate(FunctionCodegen.kt:50)
	at org.jetbrains.kotlin.backend.jvm.codegen.FunctionCodegen.generate$default(FunctionCodegen.kt:43)
	at org.jetbrains.kotlin.backend.jvm.codegen.ClassCodegen.generateMethodNode(ClassCodegen.kt:422)
	at org.jetbrains.kotlin.backend.jvm.codegen.ClassCodegen.generateMethod(ClassCodegen.kt:439)
	at org.jetbrains.kotlin.backend.jvm.codegen.ClassCodegen.generate(ClassCodegen.kt:164)
	at org.jetbrains.kotlin.backend.jvm.JvmIrCodegenFactory.generateFile(JvmIrCodegenFactory.kt:419)
	at org.jetbrains.kotlin.backend.jvm.JvmIrCodegenFactory.invokeCodegen(JvmIrCodegenFactory.kt:388)
	at org.jetbrains.kotlin.cli.jvm.compiler.KotlinToJVMBytecodeCompiler.runCodegen$cli(KotlinToJVMBytecodeCompiler.kt:431)
	at org.jetbrains.kotlin.cli.pipeline.jvm.JvmBackendPipelinePhase.executePhase(JvmBackendPipelinePhase.kt:95)
	at org.jetbrains.kotlin.cli.pipeline.jvm.JvmBackendPipelinePhase.executePhase(JvmBackendPipelinePhase.kt:36)
	at org.jetbrains.kotlin.cli.pipeline.jvm.JvmBackendPipelinePhase.executePhase(JvmBackendPipelinePhase.kt:29)
	at org.jetbrains.kotlin.cli.pipeline.PipelinePhase.phaseBody(PipelinePhase.kt:68)
	at org.jetbrains.kotlin.cli.pipeline.PipelinePhase.phaseBody(PipelinePhase.kt:58)
	at org.jetbrains.kotlin.config.phaser.NamedCompilerPhase.invoke(CompilerPhase.kt:102)
	at org.jetbrains.kotlin.backend.common.phaser.CompositePhase.invoke(PhaseBuilders.kt:22)
	at org.jetbrains.kotlin.config.phaser.CompilerPhaseKt.invokeToplevel(CompilerPhase.kt:53)
	at org.jetbrains.kotlin.cli.pipeline.AbstractCliPipeline.runPhasedPipeline(AbstractCliPipeline.kt:109)
	at org.jetbrains.kotlin.cli.pipeline.AbstractCliPipeline.execute(AbstractCliPipeline.kt:68)
	at org.jetbrains.kotlin.cli.jvm.K2JVMCompiler.doExecutePhased(K2JVMCompiler.kt:78)
	at org.jetbrains.kotlin.cli.jvm.K2JVMCompiler.doExecutePhased(K2JVMCompiler.kt:44)
	at org.jetbrains.kotlin.cli.common.CLICompiler.execImpl(CLICompiler.kt:90)
	at org.jetbrains.kotlin.cli.common.CLICompiler.exec(CLICompiler.kt:352)
	at org.jetbrains.kotlin.incremental.IncrementalJvmCompilerRunnerBase.runCompiler(IncrementalJvmCompilerRunnerBase.kt:175)
	at org.jetbrains.kotlin.incremental.IncrementalJvmCompilerRunnerBase.runCompiler(IncrementalJvmCompilerRunnerBase.kt:38)
	at org.jetbrains.kotlin.incremental.IncrementalCompilerRunner.doCompile(IncrementalCompilerRunner.kt:504)
	at org.jetbrains.kotlin.incremental.IncrementalCompilerRunner.compileImpl(IncrementalCompilerRunner.kt:421)
	at org.jetbrains.kotlin.incremental.IncrementalCompilerRunner.compileNonIncrementally(IncrementalCompilerRunner.kt:306)
	at org.jetbrains.kotlin.incremental.IncrementalCompilerRunner.compile(IncrementalCompilerRunner.kt:133)
	at org.jetbrains.kotlin.daemon.CompileServiceImplBase.execIncrementalCompiler(CompileServiceImpl.kt:679)
	at org.jetbrains.kotlin.daemon.CompileServiceImplBase.access$execIncrementalCompiler(CompileServiceImpl.kt:93)
	at org.jetbrains.kotlin.daemon.CompileServiceImpl.compile(CompileServiceImpl.kt:1806)
	at java.base/jdk.internal.reflect.DirectMethodHandleAccessor.invoke(DirectMethodHandleAccessor.java:103)
	at java.base/java.lang.reflect.Method.invoke(Method.java:580)
	at java.rmi/sun.rmi.server.UnicastServerRef.dispatch(UnicastServerRef.java:360)
	at java.rmi/sun.rmi.transport.Transport$1.run(Transport.java:200)
	at java.rmi/sun.rmi.transport.Transport$1.run(Transport.java:197)
	at java.base/java.security.AccessController.doPrivileged(AccessController.java:714)
	at java.rmi/sun.rmi.transport.Transport.serviceCall(Transport.java:196)
	at java.rmi/sun.rmi.transport.tcp.TCPTransport.handleMessages(TCPTransport.java:598)
	at java.rmi/sun.rmi.transport.tcp.TCPTransport$ConnectionHandler.run0(TCPTransport.java:844)
	at java.rmi/sun.rmi.transport.tcp.TCPTransport$ConnectionHandler.lambda$run$0(TCPTransport.java:721)
	at java.base/java.security.AccessController.doPrivileged(AccessController.java:400)
	at java.rmi/sun.rmi.transport.tcp.TCPTransport$ConnectionHandler.run(TCPTransport.java:720)
	at java.base/java.util.concurrent.ThreadPoolExecutor.runWorker(ThreadPoolExecutor.java:1144)
	at java.base/java.util.concurrent.ThreadPoolExecutor$Worker.run(ThreadPoolExecutor.java:642)
	at java.base/java.lang.Thread.run(Thread.java:1583)
Caused by: org.jetbrains.kotlin.codegen.CompilationException: Back-end (JVM) Internal error: Couldn't inline method call: CALL 'public final fun currentState <T> (): T of androidx.glance.CompositionLocalsKt.currentState [inline] declared in androidx.glance.CompositionLocalsKt' type=androidx.datastore.preferences.core.Preferences origin=null
Method: null
File is unknown
The root cause java.lang.IllegalStateException was thrown at: org.jetbrains.kotlin.codegen.inline.SourceCompilerForInlineKt.getMethodNode(SourceCompilerForInline.kt:129)
	at org.jetbrains.kotlin.backend.jvm.codegen.IrInlineCodegen.genInlineCall(IrInlineCodegen.kt:82)
	at org.jetbrains.kotlin.backend.jvm.codegen.IrInlineCallGenerator.genCall(IrInlineCallGenerator.kt:36)
	at org.jetbrains.kotlin.backend.jvm.codegen.ExpressionCodegen.visitCall(ExpressionCodegen.kt:586)
	at org.jetbrains.kotlin.backend.jvm.codegen.ExpressionCodegen.visitCall(ExpressionCodegen.kt:135)
	at org.jetbrains.kotlin.ir.expressions.IrCall.accept(IrCall.kt:24)
	at org.jetbrains.kotlin.backend.jvm.codegen.ExpressionCodegen.visitVariable(ExpressionCodegen.kt:725)
	at org.jetbrains.kotlin.backend.jvm.codegen.ExpressionCodegen.visitVariable(ExpressionCodegen.kt:135)
	at org.jetbrains.kotlin.ir.declarations.IrVariable.accept(IrVariable.kt:36)
	at org.jetbrains.kotlin.backend.jvm.codegen.ExpressionCodegen.visitStatementContainer(ExpressionCodegen.kt:527)
	at org.jetbrains.kotlin.backend.jvm.codegen.ExpressionCodegen.visitBlockBody(ExpressionCodegen.kt:532)
	at org.jetbrains.kotlin.backend.jvm.codegen.ExpressionCodegen.visitBlockBody(ExpressionCodegen.kt:135)
	at org.jetbrains.kotlin.ir.expressions.IrBlockBody.accept(IrBlockBody.kt:20)
	at org.jetbrains.kotlin.backend.jvm.codegen.ExpressionCodegen.generate(ExpressionCodegen.kt:233)
	at org.jetbrains.kotlin.backend.jvm.codegen.FunctionCodegen.doGenerate(FunctionCodegen.kt:126)
	at org.jetbrains.kotlin.backend.jvm.codegen.FunctionCodegen.generate(FunctionCodegen.kt:47)
	... 45 more
Caused by: java.lang.IllegalStateException: couldn't find inline method Landroidx/glance/CompositionLocalsKt;.currentState()Ljava/lang/Object;
	at org.jetbrains.kotlin.codegen.inline.SourceCompilerForInlineKt.getMethodNode(SourceCompilerForInline.kt:129)
	at org.jetbrains.kotlin.codegen.inline.SourceCompilerForInlineKt.loadCompiledInlineFunction$lambda$2(SourceCompilerForInline.kt:98)
	at org.jetbrains.kotlin.codegen.inline.InlineCache.computeMethodBytes(InlineCache.kt:90)
	at org.jetbrains.kotlin.codegen.inline.SourceCompilerForInlineKt.loadCompiledInlineFunction(SourceCompilerForInline.kt:93)
	at org.jetbrains.kotlin.backend.jvm.codegen.IrSourceCompilerForInline.compileInlineFunction(IrSourceCompilerForInline.kt:96)
	at org.jetbrains.kotlin.backend.jvm.codegen.IrInlineCodegen.genInlineCall(IrInlineCodegen.kt:65)
	... 59 more


